// Jest Snapshot v1, https://goo.gl/fbAQLP

exports[`test IdlyOSM onParseEntities should name space properties 1`] = `
Map {
  "n1" => Object {
    "osm_basic--geometry": "vertex",
    "osm_basic--icon": "circle",
    "osm_basic--name": undefined,
  },
  "n2" => Object {
    "osm_basic--geometry": "vertex",
    "osm_basic--icon": "circle",
    "osm_basic--name": undefined,
  },
  "n3" => Object {
    "osm_basic--geometry": "vertex",
    "osm_basic--icon": "circle",
    "osm_basic--name": undefined,
  },
  "n4" => Object {
    "osm_basic--geometry": "vertex",
    "osm_basic--icon": "circle",
    "osm_basic--name": undefined,
  },
  "w1" => Object {
    "osm_basic--geometry": "line",
    "osm_basic--icon": "highway-residential",
    "osm_basic--name": undefined,
    "osm_basic--tagsClass": "tag-highway",
    "osm_basic--tagsClassType": "tag-highway-residential",
  },
  "w2" => Object {
    "osm_basic--geometry": "line",
    "osm_basic--icon": "highway-residential",
    "osm_basic--name": undefined,
    "osm_basic--tagsClass": "tag-highway",
    "osm_basic--tagsClassType": "tag-highway-residential",
  },
}
`;
