// Jest Snapshot v1, https://goo.gl/fbAQLP

exports[`fetchTileXml gives an xml 1`] = `
"
        <?xml version=\\"1.0\\" encoding=\\"UTF-8\\"?><osm>
        <node id=\\"1\\" visible=\\"true\\" version=\\"1\\" changeset=\\"38701677\\" timestamp=\\"2016-04-19T17:58:40Z\\" user=\\"Dombo\\" uid=\\"592097\\" lat=\\"34.5303960\\" lon=\\"74.1816382\\"/>
        <node id=\\"2\\" visible=\\"true\\" version=\\"1\\" changeset=\\"38701677\\" timestamp=\\"2016-04-19T17:58:40Z\\" user=\\"Dombo\\" uid=\\"592097\\" lat=\\"34.5303960\\" lon=\\"74.1816382\\"/>
        <node id=\\"3\\" visible=\\"true\\" version=\\"1\\" changeset=\\"38701677\\" timestamp=\\"2016-04-19T17:58:40Z\\" user=\\"Dombo\\" uid=\\"592097\\" lat=\\"34.5303960\\" lon=\\"74.1816382\\"/>
        <way id=\\"1\\" visible=\\"true\\" version=\\"2\\" changeset=\\"50089927\\" timestamp=\\"2017-07-06T17:19:04Z\\" user=\\"Srihari Thalla\\" uid=\\"2815653\\">
                <nd ref=\\"1\\"/>
                <nd ref=\\"2\\"/>
        </way>
 <way id=\\"2\\" visible=\\"true\\" version=\\"2\\" changeset=\\"50089927\\" timestamp=\\"2017-07-06T17:19:04Z\\" user=\\"Srihari Thalla\\" uid=\\"2815653\\">
                <nd ref=\\"1\\"/>
                <nd ref=\\"3\\"/>
        </way>
        </osm>"
`;
