// Jest Snapshot v1, https://goo.gl/fbAQLP

exports[`modify simple node seed tree creation 1`] = `
Tree {
  "branch": Immutable.Set [
    Leaf {
      "ancestor": undefined,
      "entity": Object {
        "attributes": Object {
          "changeset": undefined,
          "timestamp": undefined,
          "uid": undefined,
          "user": undefined,
          "version": undefined,
          "visible": undefined,
        },
        "id": "n-a",
        "loc": Object {
          "lat": 0,
          "lon": 0,
        },
        "tags": Object {
          "k": "n-a1",
        },
        "type": "node",
      },
    },
  ],
  "parent": undefined,
}
`;
