// Jest Snapshot v1, https://goo.gl/fbAQLP

exports[`Field Access should mount 1`] = `
<span>
  <span>
    <span>
      All
    </span>
    <input
      placeholder="yes"
      value={undefined}
    />
  </span>
  <span>
    <span>
      Foot
    </span>
    <input
      placeholder="yes"
      value={undefined}
    />
  </span>
  <span>
    <span>
      Motor Vehicles
    </span>
    <input
      placeholder="yes"
      value={undefined}
    />
  </span>
  <span>
    <span>
      Bicycles
    </span>
    <input
      placeholder="yes"
      value={undefined}
    />
  </span>
  <span>
    <span>
      Horses
    </span>
    <input
      placeholder="yes"
      value={undefined}
    />
  </span>
</span>
`;
