// Jest Snapshot v1, https://goo.gl/fbAQLP

exports[`wayCombiner should behave... 1`] = `
Object {
  "geometry": "line",
  "icon": "highway-residential",
  "name": undefined,
  "tagsClass": "tag-highway",
  "tagsClassType": "tag-highway-residential",
}
`;
