// Jest Snapshot v1, https://goo.gl/fbAQLP

exports[`geoExtent constructor has infinity when empty 1`] = `
Object {
  "lower": Object {
    "lat": Infinity,
    "lon": Infinity,
  },
  "upper": Object {
    "lat": -Infinity,
    "lon": -Infinity,
  },
}
`;
